[08Juli2026 10:52:29.791] [main/INFO] [net.neoforged.fml.startup.Entrypoint/]: JVM Uptime at startup: 70ms
[08Juli2026 10:52:29.802] [main/INFO] [net.neoforged.fml.loading.FMLLoader/]: Starting FancyModLoader version 11.0.13 (CLIENT in DEV)
[08Juli2026 10:52:29.802] [main/INFO] [net.neoforged.fml.loading.FMLLoader/]: Game directory: D:\Minecraft Mods\stable\Resource-Cracker\common\runs\data
[08Juli2026 10:52:29.838] [main/INFO] [net.neoforged.fml.loading.EarlyServiceDiscovery/]: Found 2 early service jars (out of 110) in 15ms
[08Juli2026 10:52:29.839] [main/INFO] [net.neoforged.fml.loading.FMLLoader/]: Loading FML Early Services:
[08Juli2026 10:52:29.839] [main/INFO] [net.neoforged.fml.loading.FMLLoader/]:  - D:/.gradle/caches/modules-2/files-2.1/net.neoforged.fancymodloader/loader/11.0.13/c9c89eaf35535990110088224d188748d81eaecf/loader-11.0.13.jar
[08Juli2026 10:52:29.839] [main/INFO] [net.neoforged.fml.loading.FMLLoader/]:  - D:/.gradle/caches/modules-2/files-2.1/net.neoforged.fancymodloader/earlydisplay/11.0.13/491a1bedecb33802fa118cae384b60f91f6f0241/earlydisplay-11.0.13.jar
[08Juli2026 10:52:29.842] [main/INFO] [net.neoforged.fml.loading.ImmediateWindowHandler/]: Not loading early display in headless mode.
[08Juli2026 10:52:29.865] [main/INFO] [net.neoforged.fml.loading.moddiscovery.locators.GameLocator/]: Detected a joined NeoForge and Minecraft configuration. Applying filtering...
[08Juli2026 10:52:29.918] [main/INFO] [net.neoforged.fml.loading.moddiscovery.locators.InDevFolderLocator/CORE]: Got mod coordinates resource_cracker%%D:\\Minecraft Mods\\stable\\Resource-Cracker\\datagen\\build\\classes\\java\\main;resource_cracker%%D:\\Minecraft Mods\\stable\\Resource-Cracker\\datagen\\build\\resources\\main from env
[08Juli2026 10:52:30.000] [main/INFO] [net.neoforged.fml.loading.moddiscovery.locators.JarInJarDependencyLocator/]: Found 2 dependencies adding them to mods collection
[08Juli2026 10:52:30.002] [main/INFO] [net.neoforged.fml.loading.moddiscovery.ModDiscoverer/]: 
     Mod List:
		Name Version (Mod Id)

		Minecraft 26.1.2 (minecraft)
		NeoForge 26.1.2.76 (neoforge)
		Resource Carcker 1.0.0 (resource_cracker)
		Resource Config API 26.1.2-4.1.1 (resourceconfigapi)
		Resource Library 26.1.2-3.1.1 (resourcelibrary)
[08Juli2026 10:52:30.100] [main/INFO] [mixin/]: SpongePowered MIXIN Subsystem Version=0.8.7 Source=file:/D:/.gradle/caches/modules-2/files-2.1/net.fabricmc/sponge-mixin/0.17.3+mixin.0.8.7/41c4a3984a80f4679e759fb9f495587acc5cdac7/sponge-mixin-0.17.3+mixin.0.8.7.jar Service=FML Env=CLIENT
[08Juli2026 10:52:30.112] [main/INFO] [net.neoforged.fml.loading.FMLLoader/]: Loading FML Plugins:
[08Juli2026 10:52:30.118] [main/INFO] [net.neoforged.fml.loading.FMLLoader/]:  - D:/.gradle/caches/modules-2/files-2.1/net.neoforged/neoforge/26.1.2.76/59698648bc6caf1cc19ec4dca4441ff3436c0253/neoforge-26.1.2.76-universal.jar > net.neoforged.neoforge-coremods-26.1.2.76.jar
[08Juli2026 10:52:30.166] [main/INFO] [net.neoforged.fml.loading.FMLLoader/]: Building game content classloader:
 - minecraft (composite(filtered(jar(D:/Minecraft Mods/stable/Resource-Cracker/datagen/build/moddev/artifacts/minecraft-patched-26.1.2.76.jar)), filtered(jar(D:/Minecraft Mods/stable/Resource-Cracker/datagen/build/moddev/artifacts/minecraft-patched-26.1.2.76.jar))))
 - mixinextras.neoforge (jar(D:/.gradle/caches/modules-2/files-2.1/net.neoforged/neoforge/26.1.2.76/59698648bc6caf1cc19ec4dca4441ff3436c0253/neoforge-26.1.2.76-universal.jar > mixinextras-neoforge-0.5.4.jar))
 - neoforge (composite(filtered(jar(D:/.gradle/caches/modules-2/files-2.1/net.neoforged/neoforge/26.1.2.76/59698648bc6caf1cc19ec4dca4441ff3436c0253/neoforge-26.1.2.76-universal.jar))))
 - net.neoforged.fml.generated (empty(VirtualJar/net.neoforged.fml.generated))
 - resource_cracker (composite(folder(D:/Minecraft Mods/stable/Resource-Cracker/datagen/build/classes/java/main), folder(D:/Minecraft Mods/stable/Resource-Cracker/datagen/build/resources/main)))
 - resourceconfigapi (jar(D:/.gradle/caches/modules-2/files-2.1/net.morthen.resourceconfigapi/resourceconfigapi-neoforge/26.1.2-4.1.1/2f005df4464f82f81e4df06615f22f0cde7caedc/resourceconfigapi-neoforge-26.1.2-4.1.1.jar))
 - resourcelibrary (jar(D:/.gradle/caches/modules-2/files-2.1/net.morthen.resourcelibrary/resourcelibrary-neoforge/26.1.2-3.1.1/3b8be6345ed66a4cd1adf5286567306dbb586c3e/resourcelibrary-neoforge-26.1.2-3.1.1.jar))
[08Juli2026 10:52:30.173] [main/INFO] [net.neoforged.fml.loading.FMLLoader/]: Built game content classloader in 14ms
[08Juli2026 10:52:30.204] [main/WARN] [mixin/]: Reference map 'resourcelibrary.refmap.json' for resourcelibrary.mixins.json could not be read. If this is a development environment you can ignore this message
[08Juli2026 10:52:30.371] [main/INFO] [MixinExtras|Service/]: Initializing MixinExtras via com.llamalad7.mixinextras.service.MixinExtrasServiceImpl(version=0.5.4).
[08Juli2026 10:52:32.500] [main/INFO] [net.neoforged.neoforge.data.loading.DatagenModLoader/]: Initializing Data Gatherer for mods [resource_cracker]
[08Juli2026 10:52:32.519] [modloading-worker-0/INFO] [net.neoforged.neoforge.common.NeoForgeMod/NEOFORGE-MOD]: NeoForge mod loading, version 26.1.2.76, for MC 26.1.2
[08Juli2026 10:52:32.841] [main/INFO] [net.minecraft.data.DataGenerator/]: Starting provider: Tags for minecraft:block mod id resource_cracker
[08Juli2026 10:52:32.851] [main/INFO] [net.minecraft.data.DataGenerator/]: Tags for minecraft:block mod id resource_cracker finished after 10 ms
[08Juli2026 10:52:32.851] [main/INFO] [net.minecraft.data.DataGenerator/]: Starting provider: Tags for minecraft:item mod id resource_cracker
[08Juli2026 10:52:32.854] [main/INFO] [net.minecraft.data.DataGenerator/]: Tags for minecraft:item mod id resource_cracker finished after 2 ms
[08Juli2026 10:52:32.854] [main/INFO] [net.minecraft.data.DataGenerator/]: Starting provider: Resource Cracker Recipes
[08Juli2026 10:52:32.886] [main/INFO] [net.minecraft.data.DataGenerator/]: Resource Cracker Recipes finished after 31 ms
[08Juli2026 10:52:32.886] [main/INFO] [net.minecraft.data.DataGenerator/]: Starting provider: Loot Tables
[08Juli2026 10:52:32.903] [main/INFO] [net.minecraft.data.DataGenerator/]: Loot Tables finished after 15 ms
[08Juli2026 10:52:32.903] [main/INFO] [net.minecraft.data.DataGenerator/]: Starting provider: Model Definitions - resource_cracker
[08Juli2026 10:52:32.939] [main/INFO] [net.minecraft.data.DataGenerator/]: Model Definitions - resource_cracker finished after 35 ms
[08Juli2026 10:52:32.939] [main/INFO] [net.minecraft.data.DataGenerator/]: All providers took: 97 ms
[08Juli2026 10:52:32.943] [main/INFO] [net.minecraft.data.HashCache/]: Caching: total files: 270, old count: 270, new count: 270, removed stale: 0, written: 0
[08Juli2026 10:52:32.945] [main/INFO] [net.neoforged.fml.loading.FMLLoader/]: Closing FML Loader 20a75786
[08Juli2026 10:52:32.945] [main/INFO] [net.neoforged.fml.ModLoader/]: Clearing ModLoader
